[INFO] Maveniverse Nisse 0.9.4 loaded
[INFO] Nisse injecting 32 properties into User Properties
[INFO] Scanning for projects...
[WARNING] 
[WARNING] Some problems were encountered while building the effective model for org.apache.tika:tika-parent:pom:4.0.0-SNAPSHOT
[WARNING] 'version' contains an expression but should be a constant. @ org.apache.tika:tika-parent:${revision}, C:\Users\roust\tika\tika-parent\pom.xml, line 34, column 12
[WARNING] 
[WARNING] Some problems were encountered while building the effective model for org.apache.tika:tika:pom:4.0.0-SNAPSHOT
[WARNING] 'version' contains an expression but should be a constant. @ org.apache.tika:tika-parent:${revision}, C:\Users\roust\tika\tika-parent\pom.xml, line 34, column 12
[WARNING] 
[WARNING] It is highly recommended to fix these problems because they threaten the stability of your build.
[WARNING] 
[WARNING] For this reason, future Maven versions might no longer support building such malformed projects.
[WARNING] 
[INFO] No need for inlining
[INFO] 
[INFO] ---------------------< org.apache.tika:tika-core >----------------------
[INFO] Building Apache Tika core 4.0.0-SNAPSHOT
[INFO]   from pom.xml
[INFO] -------------------------------[ bundle ]-------------------------------
[INFO] 
[INFO] --- chatunitest:2.1.1:method (default-cli) @ tika-core ---
[INFO] 
========================== Configuration ==========================

[INFO] PluginSign >>>>CHATUNITEST
[INFO]  Multithreading >>>> false
[INFO]  Stop when success >>>> true
[INFO]  No execution >>>> false
[INFO]  Enable Merge >>>> true
[INFO]  --- 
[INFO]  TestOutput Path >>> C:\Users\roust\tika\tika-core\chatunitest-tests
[INFO]  TmpOutput Path >>> C:\Users\roust\tika\tika-core\target\chatunitest-info\tika-parent\tika-core
[INFO]  CounterExample Path >>> C:\Users\roust\tika\tika-core\smartut-tests
[INFO]  Prompt path >>> null
[INFO]  Example path >>> C:\Users\roust\tika\tika-core\exampleUsage.json
[INFO]  --- 
[INFO]  Model >>> CODE_QWEN
[INFO]  Url >>> http://localhost:11434/v1/chat/completions
[INFO]  MaxPromptTokens >>> 10923
[INFO]  MaxResponseTokens >>> 1024
[INFO]  MinErrorTokens >>> 500
[INFO]  MaxThreads >>> 60
[INFO]  TestNumber >>> 1
[INFO]  MaxRounds >>> 2
[INFO]  MinErrorTokens >>> 500
[INFO]  MaxPromptTokens >>> 10923
[INFO]  SleepTime >>> 0
[INFO]  DependencyDepth >>> 1
[INFO]  SampleSize >>> 10
[INFO]  PhaseType >>> CHATUNITEST
[INFO] 
===================================================================

[INFO] 
==========================
[CHATUNITEST] Parse output already exists, skip parsing!
[INFO] 
==========================
[CHATUNITEST] Generating tests for class: < EndianUtils> method: < readIntBE > ...
[INFO] 
==========================
[CHATUNITEST] Generating test for method < readIntBE > number 0...

[INFO] Generating test for method < readIntBE > round 0 ...
[INFO] Test for method < readIntBE > compilation failed round 0
[INFO] Fixing test for method < readIntBE > round 1 ...
[INFO] Test for method < readIntBE > compilation failed round 1
[INFO] 
==========================
[CHATUNITEST] Generation finished
[INFO] 
==========================
[CHATUNITEST] Test processed
[INFO] ------------------------------------------------------------------------
[INFO] BUILD SUCCESS
[INFO] ------------------------------------------------------------------------
[INFO] Total time:  02:03 min
[INFO] Finished at: 2026-10-07T02:01:56-04:00
[INFO] ------------------------------------------------------------------------
